// Vitest Snapshot v1, https://vitest.dev/guide/snapshot.html

exports[`registry > the three views agree (published contract: only additions allowed) 1`] = `
[
  {
    "annotations": {
      "destructiveHint": false,
      "idempotentHint": true,
      "openWorldHint": false,
      "readOnlyHint": true,
      "title": "Who am I",
    },
    "description": "The signed-in SmartChart user, how many model calls are left today, and the contract version. Call it to check the connection.",
    "inputSchema": {
      "additionalProperties": false,
      "properties": {},
      "type": "object",
    },
    "name": "whoami",
    "title": "Who am I",
  },
  {
    "annotations": {
      "destructiveHint": false,
      "idempotentHint": true,
      "openWorldHint": false,
      "readOnlyHint": true,
      "title": "Writing guide",
    },
    "description": "The rules for writing SmartChart slides in one style: hard rules on figures, starting plain, when to ask the user, how to write slide JSON and patches, and the style. Read it once per style before your first write.",
    "inputSchema": {
      "additionalProperties": false,
      "properties": {
        "style": {
          "description": "The deck's style (get_deck shows it).",
          "enum": [
            "consulting",
            "pitch",
          ],
          "type": "string",
        },
      },
      "required": [
        "style",
      ],
      "type": "object",
    },
    "name": "get_guide",
    "title": "Writing guide",
  },
  {
    "annotations": {
      "destructiveHint": false,
      "idempotentHint": true,
      "openWorldHint": false,
      "readOnlyHint": true,
      "title": "List templates",
    },
    "description": "Every slide template you can use, with what it is for. Use it to choose a template yourself, or call suggest_template to have SmartChart choose from the content.",
    "inputSchema": {
      "additionalProperties": false,
      "properties": {
        "style": {
          "description": "The deck's style (get_deck shows it).",
          "enum": [
            "consulting",
            "pitch",
          ],
          "type": "string",
        },
      },
      "required": [
        "style",
      ],
      "type": "object",
    },
    "name": "list_templates",
    "title": "List templates",
  },
  {
    "annotations": {
      "destructiveHint": false,
      "idempotentHint": true,
      "openWorldHint": false,
      "readOnlyHint": true,
      "title": "Template card",
    },
    "description": "One template's card (every field with its type, limits and description, the template's rules, and its capabilities and shapes: marks, icons, notes… and when to use each) and a worked example. Fetch it once per template before writing or reviewing that kind of slide; cards don't change within a session.",
    "inputSchema": {
      "additionalProperties": false,
      "properties": {
        "style": {
          "description": "The deck's style (get_deck shows it).",
          "enum": [
            "consulting",
            "pitch",
          ],
          "type": "string",
        },
        "template": {
          "description": "A template id from list_templates.",
          "enum": [
            "chart",
            "pair",
            "table",
            "number",
            "quote",
            "steps",
            "cards",
            "summary",
            "cover",
            "section",
          ],
          "type": "string",
        },
      },
      "required": [
        "template",
        "style",
      ],
      "type": "object",
    },
    "name": "get_template",
    "title": "Template card",
  },
  {
    "annotations": {
      "destructiveHint": false,
      "idempotentHint": true,
      "openWorldHint": false,
      "readOnlyHint": true,
      "title": "List decks",
    },
    "description": "The user's decks, newest first: id, name, style, number of slides, last change and whether a share link is on. Start here, then open one with get_deck.",
    "inputSchema": {
      "additionalProperties": false,
      "properties": {
        "cursor": {
          "minimum": 0,
          "type": "integer",
        },
        "limit": {
          "maximum": 100,
          "minimum": 1,
          "type": "integer",
        },
      },
      "type": "object",
    },
    "name": "list_decks",
    "title": "List decks",
  },
  {
    "annotations": {
      "destructiveHint": false,
      "idempotentHint": false,
      "openWorldHint": false,
      "readOnlyHint": false,
      "title": "Create a deck",
    },
    "description": "Start a new, empty deck. Style is consulting (action titles, dense evidence) or pitch (topic titles, big numbers) and is fixed once the deck has slides. Returns the deck with its editor link: give it to the user so they can watch.",
    "inputSchema": {
      "additionalProperties": false,
      "properties": {
        "accent": {
          "description": "The highlight colour as #rrggbb. Code checks it stands out and doesn't read as loss or gain.",
          "type": "string",
        },
        "name": {
          "type": "string",
        },
        "style": {
          "enum": [
            "consulting",
            "pitch",
          ],
          "type": "string",
        },
        "theme": {
          "description": "ink: dark slides; paper: light slides.",
          "enum": [
            "ink",
            "paper",
          ],
          "type": "string",
        },
      },
      "required": [
        "style",
      ],
      "type": "object",
    },
    "name": "create_deck",
    "title": "Create a deck",
  },
  {
    "annotations": {
      "destructiveHint": false,
      "idempotentHint": true,
      "openWorldHint": false,
      "readOnlyHint": true,
      "title": "Open a deck",
    },
    "description": "A deck's look, links and storyline: every slide's id, position, template, title and open issue count, in order. Use slide ids from here in every slide call.",
    "inputSchema": {
      "additionalProperties": false,
      "properties": {
        "deckId": {
          "description": "The deck id from list_decks or create_deck.",
          "type": "string",
        },
      },
      "required": [
        "deckId",
      ],
      "type": "object",
    },
    "name": "get_deck",
    "title": "Open a deck",
  },
  {
    "annotations": {
      "destructiveHint": false,
      "idempotentHint": true,
      "openWorldHint": false,
      "readOnlyHint": false,
      "title": "Change the deck's look",
    },
    "description": "Rename the deck or change its theme or accent colour. Style can change only while the deck has no slides.",
    "inputSchema": {
      "additionalProperties": false,
      "properties": {
        "accent": {
          "description": "#rrggbb, or null for the default",
          "oneOf": [
            {
              "description": "The highlight colour as #rrggbb. Code checks it stands out and doesn't read as loss or gain.",
              "type": "string",
            },
            {
              "type": "null",
            },
          ],
        },
        "deckId": {
          "description": "The deck id from list_decks or create_deck.",
          "type": "string",
        },
        "name": {
          "type": "string",
        },
        "style": {
          "enum": [
            "consulting",
            "pitch",
          ],
          "type": "string",
        },
        "theme": {
          "description": "ink: dark slides; paper: light slides.",
          "enum": [
            "ink",
            "paper",
          ],
          "type": "string",
        },
      },
      "required": [
        "deckId",
      ],
      "type": "object",
    },
    "name": "update_deck",
    "title": "Change the deck's look",
  },
  {
    "annotations": {
      "destructiveHint": false,
      "idempotentHint": true,
      "openWorldHint": false,
      "readOnlyHint": false,
      "title": "Share link",
    },
    "description": "Turn the deck's read-only share link on or off. The link stays the same while sharing is on and shows changes live. Only for when the user wants others to see the deck; the user watches their own deck through the editor link.",
    "inputSchema": {
      "additionalProperties": false,
      "properties": {
        "deckId": {
          "description": "The deck id from list_decks or create_deck.",
          "type": "string",
        },
        "on": {
          "type": "boolean",
        },
      },
      "required": [
        "deckId",
        "on",
      ],
      "type": "object",
    },
    "name": "share_deck",
    "title": "Share link",
  },
  {
    "annotations": {
      "destructiveHint": false,
      "idempotentHint": true,
      "openWorldHint": false,
      "readOnlyHint": true,
      "title": "Suggest a template",
    },
    "description": "Have SmartChart pick the template for some content (the user's words and figures). Returns the template, the probabilities of each, and values already decided (for cards: how they lead). Then get_template and create_slide. Costs one model call.",
    "inputSchema": {
      "additionalProperties": false,
      "properties": {
        "about": {
          "description": "The slide's content, in the user's words, with every figure.",
          "type": "string",
        },
        "after": {
          "description": "Where it would go: a slide id, "start" or "end".",
          "type": "string",
        },
        "deckId": {
          "type": "string",
        },
      },
      "required": [
        "deckId",
        "about",
      ],
      "type": "object",
    },
    "name": "suggest_template",
    "title": "Suggest a template",
  },
  {
    "annotations": {
      "destructiveHint": false,
      "idempotentHint": false,
      "openWorldHint": false,
      "readOnlyHint": false,
      "title": "Create a slide",
    },
    "description": "Add a slide: the whole slide JSON for its template (get_template first). Code autofixes, validates, resolves "auto" choices and checks fit, then returns the stored slide, its position, issues to fix, warnings and failed rule checks. slideId only to restore a slide you deleted.",
    "inputSchema": {
      "additionalProperties": false,
      "properties": {
        "after": {
          "description": "A slide id, "start" or "end".",
          "type": "string",
        },
        "deckId": {
          "description": "The deck id.",
          "type": "string",
        },
        "request": {
          "description": "The user's own words for this change. Code uses them for "auto" choices; always pass them.",
          "type": "string",
        },
        "slide": {
          "description": "The whole slide JSON for its template ({ template, ...fields }), per get_template's card.",
        },
        "slideId": {
          "description": "A slide id from get_deck, e.g. s_a1b2.",
          "type": "string",
        },
      },
      "required": [
        "deckId",
        "slide",
      ],
      "type": "object",
    },
    "name": "create_slide",
    "title": "Create a slide",
  },
  {
    "annotations": {
      "destructiveHint": false,
      "idempotentHint": true,
      "openWorldHint": false,
      "readOnlyHint": true,
      "title": "Read a slide",
    },
    "description": "A slide's current JSON (or the value at one path, e.g. cards[2] or chart.series[0]), its template, which lists can grow or shrink (min, max, length) and the template's capabilities by name (get_template says when to use each). Content only; checks come back with writes and check_slide.",
    "inputSchema": {
      "additionalProperties": false,
      "properties": {
        "deckId": {
          "description": "The deck id.",
          "type": "string",
        },
        "path": {
          "type": "string",
        },
        "slideId": {
          "description": "A slide id from get_deck, e.g. s_a1b2.",
          "type": "string",
        },
      },
      "required": [
        "deckId",
        "slideId",
      ],
      "type": "object",
    },
    "name": "read_slide",
    "title": "Read a slide",
  },
  {
    "annotations": {
      "destructiveHint": true,
      "idempotentHint": false,
      "openWorldHint": false,
      "readOnlyHint": false,
      "title": "Edit a slide",
    },
    "description": "Change parts of a slide at exact paths; everything else stays. { "title": "…", "chart.series[1].values[3]": 42, "cards[2]": null } — a value replaces, null removes an item, the next index appends, setting a whole list reorders it. All or nothing. Returns what changed, issues on the changed parts and elsewhere (problems your change caused on other parts).",
    "inputSchema": {
      "additionalProperties": false,
      "properties": {
        "deckId": {
          "description": "The deck id.",
          "type": "string",
        },
        "request": {
          "description": "The user's own words for this change. Code uses them for "auto" choices; always pass them.",
          "type": "string",
        },
        "set": {
          "additionalProperties": true,
          "description": "{ path: value }",
          "type": "object",
        },
        "slideId": {
          "description": "A slide id from get_deck, e.g. s_a1b2.",
          "type": "string",
        },
      },
      "required": [
        "deckId",
        "slideId",
        "set",
      ],
      "type": "object",
    },
    "name": "update_slide",
    "title": "Edit a slide",
  },
  {
    "annotations": {
      "destructiveHint": true,
      "idempotentHint": false,
      "openWorldHint": false,
      "readOnlyHint": false,
      "title": "Change a slide's template",
    },
    "description": "Rewrite a slide in another template, keeping its id and position ("show this as a table"). Write the whole slide JSON for the new template, keeping the message and every figure. Only when the user asked for another kind of slide.",
    "inputSchema": {
      "additionalProperties": false,
      "properties": {
        "deckId": {
          "description": "The deck id.",
          "type": "string",
        },
        "request": {
          "description": "The user's own words for this change. Code uses them for "auto" choices; always pass them.",
          "type": "string",
        },
        "slide": {
          "description": "The whole slide JSON for its template ({ template, ...fields }), per get_template's card.",
        },
        "slideId": {
          "description": "A slide id from get_deck, e.g. s_a1b2.",
          "type": "string",
        },
      },
      "required": [
        "deckId",
        "slideId",
        "slide",
      ],
      "type": "object",
    },
    "name": "change_template",
    "title": "Change a slide's template",
  },
  {
    "annotations": {
      "destructiveHint": false,
      "idempotentHint": true,
      "openWorldHint": false,
      "readOnlyHint": false,
      "title": "Move a slide",
    },
    "description": "Move a slide to just after another slide, or to the start or end. Returns the new storyline.",
    "inputSchema": {
      "additionalProperties": false,
      "properties": {
        "after": {
          "description": "A slide id, "start" or "end".",
          "type": "string",
        },
        "deckId": {
          "description": "The deck id.",
          "type": "string",
        },
        "slideId": {
          "description": "A slide id from get_deck, e.g. s_a1b2.",
          "type": "string",
        },
      },
      "required": [
        "deckId",
        "slideId",
        "after",
      ],
      "type": "object",
    },
    "name": "move_slide",
    "title": "Move a slide",
  },
  {
    "annotations": {
      "destructiveHint": true,
      "idempotentHint": false,
      "openWorldHint": false,
      "readOnlyHint": false,
      "title": "Delete a slide",
    },
    "description": "Remove a slide. Returns it, so create_slide with the same slide and slideId puts it back. Only when the user asked to remove it.",
    "inputSchema": {
      "additionalProperties": false,
      "properties": {
        "deckId": {
          "description": "The deck id.",
          "type": "string",
        },
        "slideId": {
          "description": "A slide id from get_deck, e.g. s_a1b2.",
          "type": "string",
        },
      },
      "required": [
        "deckId",
        "slideId",
      ],
      "type": "object",
    },
    "name": "delete_slide",
    "title": "Delete a slide",
  },
  {
    "annotations": {
      "destructiveHint": false,
      "idempotentHint": true,
      "openWorldHint": false,
      "readOnlyHint": true,
      "title": "Check a slide",
    },
    "description": "Judge a finished slide: the rule checks (title length, highlight, chart guide…) and the judgment checks (does the body prove the title, are the items MECE, is this the right template, would a table's judgements read better as marks). Advice only: act when a small edit fixes it. One model call.",
    "inputSchema": {
      "additionalProperties": false,
      "properties": {
        "deckId": {
          "type": "string",
        },
        "slideId": {
          "type": "string",
        },
      },
      "required": [
        "deckId",
        "slideId",
      ],
      "type": "object",
    },
    "name": "check_slide",
    "title": "Check a slide",
  },
  {
    "annotations": {
      "destructiveHint": false,
      "idempotentHint": true,
      "openWorldHint": false,
      "readOnlyHint": true,
      "title": "Check the storyline",
    },
    "description": "Judge the deck as the room skims it (titles in order): one main answer, one argument, no repeats, nothing off-case, ends on what to do (or the ask, for pitch). A fix of kind "ask" is an instruction for you. Needs 2+ content slides. One model call.",
    "inputSchema": {
      "additionalProperties": false,
      "properties": {
        "deckId": {
          "type": "string",
        },
      },
      "required": [
        "deckId",
      ],
      "type": "object",
    },
    "name": "check_storyline",
    "title": "Check the storyline",
  },
]
`;
